Auth:   arcane.json (C:\Users\JiriHajek\private\pi-arcane\.pi\arcane.json)
Repo:   C:\Users\JiriHajek\private\pi-arcane
Branch: main
Arcane: https://arcane.hajek.click

1 environment(s) at https://arcane.hajek.click
* 0  Local Docker  status=online  enabled=true


=== compose (compose-app) ===
    · Repository: C:/Users/JiriHajek/private/pi-arcane
    · Branch: main @ b5a1dc31
    · Target: compose (test-fixtures/compose-app/docker-compose.yml) → project "compose-app"
    · Repository in Arcane: pi-arcane (74540860-f1b6-4e0e-83ff-c6bc41826aee) — reused
    · GitOps sync updated: compose-app-main (7c370f51-9e5f-42c2-8b71-e6f7786d0717)
    · Syncing from git (Arcane clones the repo and applies the compose file)...
    · Sync: Successfully synced directory with 3 files to project compose-app
    · Deploying project...
    · {"done":true}
  PASS  arcane_deploy
    Deploy completed.
    project=compose-app  projectId=b1b2ba88-345b-4173-b829-5bfd66e39dc2  status=running  services=1/1  branch=main  commit=b5a1dc31
    ports: service "web" already publishes 5553:80
    
    Containers:
      compose-app-web-1  state=running  ports=5553->80/tcp,5553->80/tcp
        https://pi-5553.hajek.click
    
    Arcane UI: https://arcane.hajek.click/environments/0/projects/b1b2ba88-345b-4173-b829-5bfd66e39dc2
    
    Warnings:
      - The working tree has uncommitted changes; Arcane deploys the pushed commit, not your local edits.
      - Could not verify origin/main from here (git ls-remote --heads origin main failed: git@github.com: Permission denied (publickey).
). Proceeding — Arcane clones with its own credentials. If the branch is unpushed, Arcane will deploy an older commit.
  probing https://pi-5553.hajek.click for "Compose Deploy Works!" ...
  PASS  serves committed HTML at https://pi-5553.hajek.click
  PASS  arcane_status reports the project
    Arcane https://arcane.hajek.click  environment=0
    
    Projects:
      compose-app  id=b1b2ba88-345b-4173-b829-5bfd66e39dc2  status=running  services=1/1  gitops=7c370f51-9e5f-42c2-8b71-e6f7786d0717  updated=2026-08-13T11:06:29Z
        - compose-app-web-1  state=running  status=Up 4 seconds  ports=5553->80/tcp,5553->80/tcp
          url: https://pi-5553.hajek.click
    
    GitOps syncs:
      compose-app-main  id=7c370f51-9e5f-42c2-8b71-e6f7786d0717  project=compose-app  branch=main  compose=test-fixtures/compose-app/docker-compose.yml  target=compose  autoSync=false
        last: status=success  at=2026-08-13T11:06:27.151578492Z  commit=b5a1dc31
  PASS  arcane_logs returns output
    project compose-app (b1b2ba88-345b-4173-b829-5bfd66e39dc2), last 50 lines:
    /docker-entrypoint.sh: /docker-entrypoint.d/ is not empty, will attempt to perform configuration/docker-entrypoint.sh: Looking for shell scripts in /docker-entrypoint.d//docker-entrypoint.sh: Launching /docker-entrypoint.d/10-listen-on-ipv6-by-default.sh10-listen-on-ipv6-by-default.sh: info: Getting the checksum of /etc/nginx/conf.d/default.conf10-listen-on-ipv6-by-default.sh: info: Enabled listen on IPv6 in /etc/nginx/conf.d/default.conf/docker-entrypoint.sh: Sourcing /docker-entrypoint.d/15-local-resolvers.envsh/docker-entrypoint.sh: Launching /docker-entrypoint.d/20-envsubst-on-templates.sh/docker-entrypoint.sh: Launching /docker-entrypoint.d/30-tune-worker-processes.sh/docker-entrypoint.sh: Configuration complete; ready for start up2026/08/13 11:06:26 [notice] 1#1: using the "epoll" event method2026/08/13 11:06:26 [notice] 1#1: nginx/1.31.32026/08/13 11:06:26 [notice] 1#1: built by gcc 15.2.0 (Alpine 15.2.0)2026/08/13 11:06:26 [notice] 1#1: OS: Linux 6.8.0-101-generic2026/08/13 11:06:26 [notice] 1#1: getrlimit(RLIMIT_NOFILE): 1024:5242882026/08/13 11:06:26 [notice] 1#1: start worker processes2026/08/13 11:06:26 [notice] 1#1: start worker process 302026/08/13 11:06:26 [notice] 1#1: start worker process 312026/08/13 11:06:26 [notice] 1#1: start worker process 322026/08/13 11:06:26 [notice] 1#1: start worker process 33172.19.0.1 - - [13/Aug/2026:11:06:30 +0000] "GET / HTTP/1.1" 200 115 "-" "node" "82.113.54.82, 192.168.0.100"
    [log stream truncated]

=== dockerfile (dockerfile-app) ===
    · Repository: C:/Users/JiriHajek/private/pi-arcane
    · Branch: main @ b5a1dc31
    · Target: container (test-fixtures/dockerfile-app/Dockerfile) → project "dockerfile-app"
    · Repository in Arcane: pi-arcane (74540860-f1b6-4e0e-83ff-c6bc41826aee) — reused
    · Building dockerfile-app:main from https://github.com/hajekj14/pi-arcane.git#main...
    · Built dockerfile-app:main.
    · Host port 5553 is taken; using 5554 instead.
    · Project updated: dockerfile-app (8d9ad3c4-944c-4ea8-9cc2-2c41e50874d0)
    · Deploying project...
    · {"done":true}
  PASS  arcane_deploy
    Deploy completed.
    project=dockerfile-app  projectId=8d9ad3c4-944c-4ea8-9cc2-2c41e50874d0  status=running  services=1/1  branch=main
    
    Containers:
      dockerfile-app-web-1  state=running  ports=5554->80/tcp,5554->80/tcp
        https://pi-5554.hajek.click
    
    Arcane UI: https://arcane.hajek.click/environments/0/projects/8d9ad3c4-944c-4ea8-9cc2-2c41e50874d0
    
    Warnings:
      - The working tree has uncommitted changes; Arcane deploys the pushed commit, not your local edits.
      - Could not verify origin/main from here (git ls-remote --heads origin main failed: git@github.com: Permission denied (publickey).
). Proceeding — Arcane clones with its own credentials. If the branch is unpushed, Arcane will deploy an older commit.
  probing https://pi-5554.hajek.click for "Dockerfile Deploy Works!" ...
  PASS  serves committed HTML at https://pi-5554.hajek.click
  PASS  arcane_status reports the project
    Arcane https://arcane.hajek.click  environment=0
    
    Projects:
      dockerfile-app  id=8d9ad3c4-944c-4ea8-9cc2-2c41e50874d0  status=running  services=1/1  updated=2026-08-13T11:06:40Z
        - dockerfile-app-web-1  state=running  status=Up 1 second  ports=5554->80/tcp,5554->80/tcp
          url: https://pi-5554.hajek.click
    
    GitOps syncs:
      (none)
  PASS  arcane_logs returns output
    project dockerfile-app (8d9ad3c4-944c-4ea8-9cc2-2c41e50874d0), last 50 lines:
    /docker-entrypoint.sh: /docker-entrypoint.d/ is not empty, will attempt to perform configuration/docker-entrypoint.sh: Looking for shell scripts in /docker-entrypoint.d//docker-entrypoint.sh: Launching /docker-entrypoint.d/10-listen-on-ipv6-by-default.sh10-listen-on-ipv6-by-default.sh: info: Getting the checksum of /etc/nginx/conf.d/default.conf10-listen-on-ipv6-by-default.sh: info: Enabled listen on IPv6 in /etc/nginx/conf.d/default.conf/docker-entrypoint.sh: Sourcing /docker-entrypoint.d/15-local-resolvers.envsh/docker-entrypoint.sh: Launching /docker-entrypoint.d/20-envsubst-on-templates.sh/docker-entrypoint.sh: Launching /docker-entrypoint.d/30-tune-worker-processes.sh/docker-entrypoint.sh: Configuration complete; ready for start up2026/08/13 11:06:39 [notice] 1#1: using the "epoll" event method2026/08/13 11:06:39 [notice] 1#1: nginx/1.31.32026/08/13 11:06:39 [notice] 1#1: built by gcc 15.2.0 (Alpine 15.2.0)2026/08/13 11:06:39 [notice] 1#1: OS: Linux 6.8.0-101-generic2026/08/13 11:06:39 [notice] 1#1: getrlimit(RLIMIT_NOFILE): 1024:5242882026/08/13 11:06:39 [notice] 1#1: start worker processes2026/08/13 11:06:39 [notice] 1#1: start worker process 302026/08/13 11:06:39 [notice] 1#1: start worker process 312026/08/13 11:06:39 [notice] 1#1: start worker process 322026/08/13 11:06:39 [notice] 1#1: start worker process 33172.25.0.1 - - [13/Aug/2026:11:06:41 +0000] "GET / HTTP/1.1" 200 121 "-" "node" "82.113.54.82, 192.168.0.100"
    [log stream truncated]

=== summary ===
PASS  compose: arcane_deploy
PASS  compose: serves committed HTML at https://pi-5553.hajek.click
PASS  compose: arcane_status reports the project
PASS  compose: arcane_logs returns output
PASS  dockerfile: arcane_deploy
PASS  dockerfile: serves committed HTML at https://pi-5554.hajek.click
PASS  dockerfile: arcane_status reports the project
PASS  dockerfile: arcane_logs returns output

8/8 checks passed.
